// Jest Snapshot v1, https://goo.gl/fbAQLP

exports[`Test Event Competitor Component 1`] = `
<li
  class="flex justify-between mt-1"
>
  <p
    class="text-xs text-white sm:text-sm"
    data-testid="competitor-name"
  >
    Edmonton Oilers
  </p>
  <p
    class="text-xs text-green sm:text-sm"
    data-testid="competitor-score"
  >
    0
  </p>
</li>
`;
